// Jest Snapshot v1, https://goo.gl/fbAQLP

exports[`MenuButton: default 1`] = `
<svg
  className="css-145sz59-StyledMotionSvg e13rx5dl0"
  height={15}
  overflow="visible"
  preserveAspectRatio="none"
  style={Object {}}
  viewBox="0 0 6.4 4"
  width={24}
>
  <line
    stroke="#F8FAFC"
    strokeWidth={2}
    style={Object {}}
    vectorEffect="non-scaling-stroke"
    x1="0"
    x2={6.4}
    y1="0"
    y2="0"
  />
  <line
    opacity={1}
    stroke="#F8FAFC"
    strokeWidth={2}
    style={Object {}}
    vectorEffect="non-scaling-stroke"
    x1="0"
    x2={6.4}
    y1="2"
    y2="2"
  />
  <line
    stroke="#F8FAFC"
    strokeWidth={2}
    style={Object {}}
    vectorEffect="non-scaling-stroke"
    x1="0"
    x2={6.4}
    y1="4"
    y2="4"
  />
</svg>
`;
